Loading user config located at: '/home/sys01/miniconda3/envs/env_isaaclab/lib/python3.11/site-packages/isaacsim/kit/data/Kit/Isaac-Sim/5.1/user.config.json'
[Info] [carb] Logging to file: /home/sys01/miniconda3/envs/env_isaaclab/lib/python3.11/site-packages/isaacsim/kit/logs/Kit/Isaac-Sim/5.1/kit_20260903_222704.log
2026-09-03T14:27:04Z [3ms] [Warning] [omni.ext.plugin] [ext: deps] Extensions config 'extension.toml' doesn't exist '/mnt/data/yangky/test/IsaacLab/apps/deps' or '/mnt/data/yangky/test/IsaacLab/apps/deps/config'
2026-09-03T14:27:04Z [68ms] [Warning] [omni.usd_config.extension] Enable omni.materialx.libs extension to use MaterialX
2026-09-03T14:27:04Z [214ms] [Warning] [omni.platforminfo.plugin] failed to open the default display.  Can't verify X Server version.
2026-09-03T14:27:04Z [339ms] [Warning] [carb] Acquiring non optional plugin interface which is not listed as dependency: [omni::physx::IPhysxBenchmarks v1.0] (plugin: <default plugin>), by client: omni.physics.physx.plugin. Add it to CARB_PLUGIN_IMPL_DEPS() macro of a client.
2026-09-03T14:27:04Z [348ms] [Warning] [omni.isaac.dynamic_control] omni.isaac.dynamic_control is deprecated as of Isaac Sim 4.5. No action is needed from end-users.
2026-09-03T14:27:06Z [2,136ms] [Warning] [carb.cudainterop.plugin] CUDA_VISIBLE_DEVICES environment variable is set.
2026-09-03T14:27:06Z [2,136ms] [Warning] [carb.cudainterop.plugin] Note CUDA device enumeration and Omniverse device enumeration are different.
2026-09-03T14:27:06Z [2,136ms] [Warning] [carb.cudainterop.plugin] Setting CUDA_VISIBLE_DEVICES can lead to undesired behavior or crashes.
2026-09-03T14:27:06Z [2,351ms] [Warning] [gpu.foundation.plugin] Skipping NVIDIA GPU due CUDA being in bad state: NVIDIA GeForce RTX 4090
2026-09-03T14:27:06Z [2,351ms] [Warning] [gpu.foundation.plugin] Please restart your system if CUDA is known to work in your system.
2026-09-03T14:27:06Z [2,352ms] [Warning] [gpu.foundation.plugin] Skipping unsupported non-NVIDIA GPU: Intel(R) Graphics (RPL-S)
2026-09-03T14:27:06Z [2,352ms] [Warning] [gpu.foundation.plugin] Skipping NVIDIA GPU due CUDA being in bad state: NVIDIA GeForce RTX 4090
2026-09-03T14:27:06Z [2,352ms] [Warning] [gpu.foundation.plugin] Please restart your system if CUDA is known to work in your system.
2026-09-03T14:27:06Z [2,352ms] [Warning] [gpu.foundation.plugin] Skipping unsupported non-NVIDIA GPU: Intel(R) Graphics (RPL-S)

|---------------------------------------------------------------------------------------------|
| Driver Version: 580.167.08    | Graphics API: Vulkan
|=============================================================================================|
| GPU | Name                             | Active | LDA | GPU Memory | Vendor-ID | LUID       |
|     |                                  |        |     |            | Device-ID | UUID       |
|     |                                  |        |     |            | Bus-ID    |            |
|---------------------------------------------------------------------------------------------|
| 0   | NVIDIA GeForce RTX 4090          |        |     | 24810   MB | 10de      | 0          |
|     |                                  |        |     |            | 2684      | 012ad746.. |
|     |                                  |        |     |            | 1         |            |
|---------------------------------------------------------------------------------------------|
| 1   | NVIDIA GeForce RTX 4090          | Yes: 0 |     | 24810   MB | 10de      | 0          |
|     |                                  |        |     |            | 2684      | 5d96e3c4.. |
|     |                                  |        |     |            | 5         |            |
|---------------------------------------------------------------------------------------------|
| 2   | Intel(R) Graphics (RPL-S)        |        |     | 108449  MB | 8086      | 0          |
|     |                                  |        |     |            | a780      | 868080a7.. |
|     |                                  |        |     |            | 0       [INFO][AppLauncher]: Using device: cuda:0
[INFO][AppLauncher]: Loading experience file: /mnt/data/yangky/test/IsaacLab/apps/isaaclab.python.headless.kit

[36m===========================================================================================================[0m
[36m[1m[INFO][IsaacLab]: Logging to file: /mnt/data/yangky/test/tmp/isaaclab/logs/isaaclab_2026-09-03_22-27-06.log[0m
[36m===========================================================================================================[0m

[33m22:27:06 [simulation_context.py] WARNING: The `enable_external_forces_every_iteration` parameter in the PhysxCfg is set to False. If you are experiencing noisy velocities, consider enabling this flag. You may need to slightly increase the number of velocity iterations (setting it to 1 or 2 rather than 0), together with this flag, to improve the accuracy of velocity updates.[0m
  |            |
|=============================================================================================|
| OS: 24.04.4 LTS (Noble Numbat) ubuntu, Version: 24.04.4, Kernel: 7.0.0-28-generic
| Processor: Intel(R) Core(TM) i9-14900K
| Bare Metal Cores: 24 | Bare Metal Logical Cores: 48
| Available Cores:  32 
|---------------------------------------------------------------------------------------------|
| Total Memory (MB): 144599 | Free Memory: 103705
| Total Page/Swap (MB): 8191 | Free Page/Swap: 2
|---------------------------------------------------------------------------------------------|
2026-09-03T14:27:06Z [2,560ms] [Warning] [gpu.foundation.plugin] CPU performance profile is set to powersave. This profile sets the CPU to the lowest frequency reducing performance.
2026-09-03T14:27:06Z [2,569ms] [Warning] [gpu.foundation.plugin] PCIe link width current (1) and maximum (16) for device 1 don't match.
2026-09-03T14:27:06Z [2,601ms] [Warning] [omni.kvdb.plugin] Disabling key-value database because another kit process is locking it
2026-09-03T14:27:07Z [2,761ms] [Warning] [carb.windowing-glfw.plugin] GLFW initialization failed.
2026-09-03T14:27:07Z [2,761ms] [Warning] [carb] Failed to startup plugin carb.windowing-glfw.plugin (interfaces: [carb::windowing::IGLContext v1.0],[carb::windowing::IWindowing v1.5]) (impl: carb.windowing-glfw.plugin)
2026-09-03T14:27:07Z [2,820ms] [Warning] [gpu.foundation.plugin] Skipping NVIDIA GPU due CUDA being in bad state: NVIDIA GeForce RTX 4090
2026-09-03T14:27:07Z [2,820ms] [Warning] [gpu.foundation.plugin] Please restart your system if CUDA is known to work in your system.
2026-09-03T14:27:07Z [2,821ms] [Warning] [gpu.foundation.plugin] Skipping unsupported non-NVIDIA GPU: Intel(R) Graphics (RPL-S)
2026-09-03T14:27:07Z [2,821ms] [Warning] [gpu.foundation.plugin] Skipping NVIDIA GPU due CUDA being in bad state: NVIDIA GeForce RTX 4090
2026-09-03T14:27:07Z [2,821ms] [Warning] [gpu.foundation.plugin] Please restart your system if CUDA is known to work in your system.
2026-09-03T14:27:07Z [2,821ms] [Warning] [gpu.foundation.plugin] Skipping unsupported non-NVIDIA GPU: Intel(R) Graphics (RPL-S)

|---------------------------------------------------------------------------------------------|
| Driver Version: 580.167.08    | Graphics API: Vulkan
|=============================================================================================|
| GPU | Name                             | Active | LDA | GPU Memory | Vendor-ID | LUID       |
|     |                                  |        |     |            | Device-ID | UUID       |
|     |                                  |        |     |            | Bus-ID    |            |
|---------------------------------------------------------------------------------------------|
| 0   | NVIDIA GeForce RTX 4090          |        |     | 24810   MB | 10de      | 0          |
|     |                                  |        |     |            | 2684      | 012ad746.. |
|     |                                  |        |     |            | 1         |            |
|---------------------------------------------------------------------------------------------|
| 1   | NVIDIA GeForce RTX 4090          | Yes: 0 |     | 24810   MB | 10de      | 0          |
|     |                                  |        |     |            | 2684      | 5d96e3c4.. |
|     |                                  |        |     |            | 5         |            |
|---------------------------------------------------------------------------------------------|
| 2   | Intel(R) Graphics (RPL-S)        |        |     | 108449  MB | 8086      | 0          |
|     |                                  |        |     |            | a780      | 868080a7.. |
|     |                                  |        |     |            | 0         |            |
|=============================================================================================|
| OS: 24.04.4 LTS (Noble Numbat) ubuntu, Version: 24.04.4, Kernel: 7.0.0-28-generic
| Processor: Intel(R) Core(TM) i9-14900K
| Bare Metal Cores: 24 | Bare Metal Logical Cores: 48
| Available Cores:  32 
|---------------------------------------------------------------------------------------------|
| Total Memory (MB): 144599 | Free Memory: 103582
| Total Page/Swap (MB): 8191 | Free Page/Swap: 2
|---------------------------------------------------------------------------------------------|
2026-09-03T14:27:07Z [3,106ms] [Warning] [gpu.foundation.plugin] CPU performance profile is set to powersave. This profile sets the CPU to the lowest frequency reducing performance.
2026-09-03T14:27:07Z [3,107ms] [Warning] [gpu.foundation.plugin] PCIe link width current (1) and maximum (16) for device 1 don't match.
2026-09-03T14:27:07Z [3,380ms] [Warning] [carb.windowing-glfw.plugin] GLFW initialization failed.
2026-09-03T14:27:07Z [3,380ms] [Warning] [carb] Failed to startup plugin carb.windowing-glfw.plugin (interfaces: [carb::windowing::IGLContext v1.0],[carb::windowing::IWindowing v1.5]) (impl: carb.windowing-glfw.plugin)
2026-09-03T14:27:07Z [3,393ms] [Warning] [carb.windowing-glfw.plugin] GLFW initialization failed.
2026-09-03T14:27:07Z [3,393ms] [Warning] [carb] Failed to startup plugin carb.windowing-glfw.plugin (interfaces: [carb::windowing::IGLContext v1.0],[carb::windowing::IWindowing v1.5]) (impl: carb.windowing-glfw.plugin)
2026-09-03T14:27:07Z [3,398ms] [Warning] [carb.windowing-glfw.plugin] GLFW initialization failed.
2026-09-03T14:27:07Z [3,398ms] [Warning] [carb] Failed to startup plugin carb.windowing-glfw.plugin (interfaces: [carb::windowing::IGLContext v1.0],[carb::windowing::IWindowing v1.5]) (impl: carb.windowing-glfw.plugin)
2026-09-03T14:27:07Z [3,410ms] [Warning] [carb.windowing-glfw.plugin] GLFW initialization failed.
2026-09-03T14:27:07Z [3,410ms] [Warning] [carb] Failed to startup plugin carb.windowing-glfw.plugin (interfaces: [carb::windowing::IGLContext v1.0],[carb::windowing::IWindowing v1.5]) (impl: carb.windowing-glfw.plugin)
2026-09-03T14:27:07Z [3,412ms] [Warning] [carb.windowing-glfw.plugin] GLFW initialization failed.
2026-09-03T14:27:07Z [3,412ms] [Warning] [carb] Failed to startup plugin carb.windowing-glfw.plugin (interfaces: [carb::windowing::IGLContext v1.0],[carb::windowing::IWindowing v1.5]) (impl: carb.windowing-glfw.plugin)
2026-09-03T14:27:07Z [3,413ms] [Warning] [carb.windowing-glfw.plugin] GLFW initialization failed.
2026-09-03T14:27:07Z [3,413ms] [Warning] [carb] Failed to startup plugin carb.windowing-glfw.plugin (interfaces: [carb::windowing::IGLContext v1.0],[carb::windowing::IWindowing v1.5]) (impl: carb.windowing-glfw.plugin)
2026-09-03T14:27:08Z [3,797ms] [Warning] [omni.graph.visualization.nodes._impl.extension] No Viewport Window to add omni.graph.visualization.nodes-2.1.3 scene to
2026-09-03T14:27:08Z [3,940ms] [Warning] [isaacsim.asset.importer.urdf] J00_HIP_PITCH_L: Joint Axis is not body aligned with X, Y or Z primary axis. Adjusting PhysX joint alignment to Axis X and reorienting bodies.
2026-09-03T14:27:08Z [4,061ms] [Warning] [isaacsim.asset.importer.urdf] J06_HIP_PITCH_R: Joint Axis is not body aligned with X, Y or Z primary axis. Adjusting PhysX joint alignment to Axis X and reorienting bodies.
2026-09-03T14:27:08Z [4,269ms] [Warning] [isaacsim.asset.importer.urdf] J13_SHOULDER_PITCH_L: Joint Axis is not body aligned with X, Y or Z primary axis. Adjusting PhysX joint alignment to Axis X and reorienting bodies.
2026-09-03T14:27:08Z [4,307ms] [Warning] [isaacsim.asset.importer.urdf] J15_SHOULDER_YAW_L: Joint Axis is not body aligned with X, Y or Z primary axis. Adjusting PhysX joint alignment to Axis X and reorienting bodies.
2026-09-03T14:27:08Z [4,329ms] [Warning] [isaacsim.asset.importer.urdf] J16_ELBOW_PITCH_L: Joint Axis is not body aligned with X, Y or Z primary axis. Adjusting PhysX joint alignment to Axis X and reorienting bodies.
2026-09-03T14:27:08Z [4,385ms] [Warning] [isaacsim.asset.importer.urdf] J17_ELBOW_YAW_L: Joint Axis is not body aligned with X, Y or Z primary axis. Adjusting PhysX joint alignment to Axis X and reorienting bodies.
2026-09-03T14:27:08Z [4,386ms] [Warning] [omni.usd] Warning: in _ReportErrors at line 3172 of /builds/omniverse/usd-ci/USD/pxr/usd/usd/stage.cpp -- In </t800/LINK_WRIST_END_L/visuals>: Unresolved reference prim path @/tmp/IsaacLab/usd_20260903_222708_6012/configuration/serial_t800_physics.usd@</visuals/LINK_WRIST_END_L> introduced by @/tmp/IsaacLab/usd_20260903_222708_6012/configuration/serial_t800_base.usd@</t800/LINK_WRIST_END_L/visuals> (recomposing stage on stage @/tmp/IsaacLab/usd_20260903_222708_6012/configuration/serial_t800_physics.usd@ <0x5e04fab148c0>)

2026-09-03T14:27:08Z [4,386ms] [Warning] [omni.usd] Warning: in _ReportErrors at line 3172 of /builds/omniverse/usd-ci/USD/pxr/usd/usd/stage.cpp -- In </t800/LINK_WRIST_END_L/visuals>: Unresolved reference prim path @/tmp/IsaacLab/usd_20260903_222708_6012/serial_t800.usd@</visuals/LINK_WRIST_END_L> introduced by @/tmp/IsaacLab/usd_20260903_222708_6012/configuration/serial_t800_base.usd@</t800/LINK_WRIST_END_L/visuals> (recomposing stage on stage @/tmp/IsaacLab/usd_20260903_222708_6012/serial_t800.usd@ <0x5e04fab01ca0>)

2026-09-03T14:27:08Z [4,386ms] [Warning] [omni.usd] Warning: in _ReportErrors at line 3172 of /builds/omniverse/usd-ci/USD/pxr/usd/usd/stage.cpp -- In </t800/LINK_WRIST_END_L/visuals>: Unresolved reference prim path @/tmp/IsaacLab/usd_20260903_222708_6012/serial_t800.usd@</visuals/LINK_WRIST_END_L> introduced by @/tmp/IsaacLab/usd_20260903_222708_6012/configuration/serial_t800_base.usd@</t800/LINK_WRIST_END_L/visuals> (recomposing stage on stage @/tmp/IsaacLab/usd_20260903_222708_6012/serial_t800.usd@ <0x5e04faafd1b0>)

2026-09-03T14:27:08Z [4,386ms] [Warning] [omni.usd] Warning: in _ReportErrors at line 3172 of /builds/omniverse/usd-ci/USD/pxr/usd/usd/stage.cpp -- In </t800/LINK_WRIST_END_L/visuals>: Unresolved reference prim path @/tmp/IsaacLab/usd_20260903_222708_6012/configuration/serial_t800_base.usd@</visuals/LINK_WRIST_END_L> introduced by @/tmp/IsaacLab/usd_20260903_222708_6012/configuration/serial_t800_base.usd@</t800/LINK_WRIST_END_L/visuals> (recomposing stage on stage @/tmp/IsaacLab/usd_20260903_222708_6012/configuration/serial_t800_base.usd@ <0x5e04fab1d4f0>)

2026-09-03T14:27:08Z [4,386ms] [Warning] [omni.usd] Warning: in _ReportErrors at line 3172 of /builds/omniverse/usd-ci/USD/pxr/usd/usd/stage.cpp -- In </t800/LINK_WRIST_END_L/visuals>: Unresolved reference prim path @/tmp/IsaacLab/usd_20260903_222708_6012/configuration/serial_t800_physics.usd@</visuals/LINK_WRIST_END_L> introduced by @/tmp/IsaacLab/usd_20260903_222708_6012/configuration/serial_t800_base.usd@</t800/LINK_WRIST_END_L/visuals> (recomposing stage on stage @/tmp/IsaacLab/usd_20260903_222708_6012/configuration/serial_t800_physics.usd@ <0x5e04fab148c0>)

2026-09-03T14:27:08Z [4,386ms] [Warning] [omni.usd] Warning: in _ReportErrors at line 3172 of /builds/omniverse/usd-ci/USD/pxr/usd/usd/stage.cpp -- In </t800/LINK_WRIST_END_L/visuals>: Unresolved reference prim path @/tmp/IsaacLab/usd_20260903_222708_6012/serial_t800.usd@</visuals/LINK_WRIST_END_L> introduced by @/tmp/IsaacLab/usd_20260903_222708_6012/configuration/serial_t800_base.usd@</t800/LINK_WRIST_END_L/visuals> (recomposing stage on stage @/tmp/IsaacLab/usd_20260903_222708_6012/serial_t800.usd@ <0x5e04fab01ca0>)

2026-09-03T14:27:08Z [4,386ms] [Warning] [omni.usd] Warning: in _ReportErrors at line 3172 of /builds/omniverse/usd-ci/USD/pxr/usd/usd/stage.cpp -- In </t800/LINK_WRIST_END_L/visuals>: Unresolved reference prim path @/tmp/IsaacLab/usd_20260903_222708_6012/serial_t800.usd@</visuals/LINK_WRIST_END_L> introduced by @/tmp/IsaacLab/usd_20260903_222708_6012/configuration/serial_t800_base.usd@</t800/LINK_WRIST_END_L/visuals> (recomposing stage on stage @/tmp/IsaacLab/usd_20260903_222708_6012/serial_t800.usd@ <0x5e04faafd1b0>)

2026-09-03T14:27:08Z [4,386ms] [Warning] [omni.usd] Warning: in _ReportErrors at line 3172 of /builds/omniverse/usd-ci/USD/pxr/usd/usd/stage.cpp -- In </t800/LINK_WRIST_END_L/visuals>: Unresolved reference prim path @/tmp/IsaacLab/usd_20260903_222708_6012/configuration/serial_t800_base.usd@</visuals/LINK_WRIST_END_L> introduced by @/tmp/IsaacLab/usd_20260903_222708_6012/configuration/serial_t800_base.usd@</t800/LINK_WRIST_END_L/visuals> (recomposing stage on stage @/tmp/IsaacLab/usd_20260903_222708_6012/configuration/serial_t800_base.usd@ <0x5e04fab1d4f0>)

2026-09-03T14:27:08Z [4,405ms] [Warning] [isaacsim.asset.importer.urdf] J20_SHOULDER_PITCH_R: Joint Axis is not body aligned with X, Y or Z primary axis. Adjusting PhysX joint alignment to Axis X and reorienting bodies.
2026-09-03T14:27:08Z [4,445ms] [Warning] [isaacsim.asset.importer.urdf] J22_SHOULDER_YAW_R: Joint Axis is not body aligned with X, Y or Z primary axis. Adjusting PhysX joint alignment to Axis X and reorienting bodies.
2026-09-03T14:27:08Z [4,470ms] [Warning] [isaacsim.asset.importer.urdf] J23_ELBOW_PITCH_R: Joint Axis is not body aligned with X, Y or Z primary axis. Adjusting PhysX joint alignment to Axis X and reorienting bodies.
2026-09-03T14:27:08Z [4,508ms] [Warning] [isaacsim.asset.importer.urdf] J24_ELBOW_YAW_R: Joint Axis is not body aligned with X, Y or Z primary axis. Adjusting PhysX joint alignment to Axis X and reorienting bodies.
2026-09-03T14:27:08Z [4,509ms] [Warning] [omni.usd] Warning: in _ReportErrors at line 3172 of /builds/omniverse/usd-ci/USD/pxr/usd/usd/stage.cpp -- In </t800/LINK_WRIST_END_R/visuals>: Unresolved reference prim path @/tmp/IsaacLab/usd_20260903_222708_6012/configuration/serial_t800_physics.usd@</visuals/LINK_WRIST_END_R> introduced by @/tmp/IsaacLab/usd_20260903_222708_6012/configuration/serial_t800_base.usd@</t800/LINK_WRIST_END_R/visuals> (recomposing stage on stage @/tmp/IsaacLab/usd_20260903_222708_6012/configuration/serial_t800_physics.usd@ <0x5e04fab148c0>)

2026-09-03T14:27:08Z [4,509ms] [Warning] [omni.usd] Warning: in _ReportErrors at line 3172 of /builds/omniverse/usd-ci/USD/pxr/usd/usd/stage.cpp -- In </t800/LINK_WRIST_END_R/visuals>: Unresolved reference prim path @/tmp/IsaacLab/usd_20260903_222708_6012/serial_t800.usd@</visuals/LINK_WRIST_END_R> introduced by @/tmp/IsaacLab/usd_20260903_222708_6012/configuration/serial_t800_base.usd@</t800/LINK_WRIST_END_R/visuals> (recomposing stage on stage @/tmp/IsaacLab/usd_20260903_222708_6012/serial_t800.usd@ <0x5e04fab01ca0>)

2026-09-03T14:27:08Z [4,509ms] [Warning] [omni.usd] Warning: in _ReportErrors at line 3172 of /builds/omniverse/usd-ci/USD/pxr/usd/usd/stage.cpp -- In </t800/LINK_WRIST_END_R/visuals>: Unresolved reference prim path @/tmp/IsaacLab/usd_20260903_222708_6012/serial_t800.usd@</visuals/LINK_WRIST_END_R> introduced by @/tmp/IsaacLab/usd_20260903_222708_6012/configuration/serial_t800_base.usd@</t800/LINK_WRIST_END_R/visuals> (recomposing stage on stage @/tmp/IsaacLab/usd_20260903_222708_6012/serial_t800.usd@ <0x5e04faafd1b0>)

2026-09-03T14:27:08Z [4,509ms] [Warning] [omni.usd] Warning: in _ReportErrors at line 3172 of /builds/omniverse/usd-ci/USD/pxr/usd/usd/stage.cpp -- In </t800/LINK_WRIST_END_R/visuals>: Unresolved reference prim path @/tmp/IsaacLab/usd_20260903_222708_6012/configuration/serial_t800_base.usd@</visuals/LINK_WRIST_END_R> introduced by @/tmp/IsaacLab/usd_20260903_222708_6012/configuration/serial_t800_base.usd@</t800/LINK_WRIST_END_R/visuals> (recomposing stage on stage @/tmp/IsaacLab/usd_20260903_222708_6012/configuration/serial_t800_base.usd@ <0x5e04fab1d4f0>)

2026-09-03T14:27:08Z [4,509ms] [Warning] [omni.usd] Warning: in _ReportErrors at line 3172 of /builds/omniverse/usd-ci/USD/pxr/usd/usd/stage.cpp -- In </t800/LINK_WRIST_END_R/visuals>: Unresolved reference prim path @/tmp/IsaacLab/usd_20260903_222708_6012/configuration/serial_t800_physics.usd@</visuals/LINK_WRIST_END_R> introduced by @/tmp/IsaacLab/usd_20260903_222708_6012/configuration/serial_t800_base.usd@</t800/LINK_WRIST_END_R/visuals> (recomposing stage on stage @/tmp/IsaacLab/usd_20260903_222708_6012/configuration/serial_t800_physics.usd@ <0x5e04fab148c0>)

2026-09-03T14:27:08Z [4,509ms] [Warning] [omni.usd] Warning: in _ReportErrors at line 3172 of /builds/omniverse/usd-ci/USD/pxr/usd/usd/stage.cpp -- In </t800/LINK_WRIST_END_R/visuals>: Unresolved reference prim path @/tmp/IsaacLab/usd_20260903_222708_6012/serial_t800.usd@</visuals/LINK_WRIST_END_R> introduced by @/tmp/IsaacLab/usd_20260903_222708_6012/configuration/serial_t800_base.usd@</t800/LINK_WRIST_END_R/visuals> (recomposing stage on stage @/tmp/IsaacLab/usd_20260903_222708_6012/serial_t800.usd@ <0x5e04fab01ca0>)

2026-09-03T14:27:08Z [4,509ms] [Warning] [omni.usd] Warning: in _ReportErrors at line 3172 of /builds/omniverse/usd-ci/USD/pxr/usd/usd/stage.cpp -- In </t800/LINK_WRIST_END_R/visuals>: Unresolved reference prim path @/tmp/IsaacLab/usd_20260903_222708_6012/serial_t800.usd@</visuals/LINK_WRIST_END_R> introduced by @/tmp/IsaacLab/usd_20260903_222708_6012/configuration/serial_t800_base.usd@</t800/LINK_WRIST_END_R/visuals> (recomposing stage on stage @/tmp/IsaacLab/usd_20260903_222708_6012/serial_t800.usd@ <0x5e04faafd1b0>)

2026-09-03T14:27:08Z [4,509ms] [Warning] [omni.usd] Warning: in _ReportErrors at line 3172 of /builds/omniverse/usd-ci/USD/pxr/usd/usd/stage.cpp -- In </t800/LINK_WRIST_END_R/visuals>: Unresolved reference prim path @/tmp/IsaacLab/usd_20260903_222708_6012/configuration/serial_t800_base.usd@</visuals/LINK_WRIST_END_R> introduced by @/tmp/IsaacLab/usd_20260903_222708_6012/configuration/serial_t800_base.usd@</t800/LINK_WRIST_END_R/visuals> (recomposing stage on stage @/tmp/IsaacLab/usd_20260903_222708_6012/configuration/serial_t800_base.usd@ <0x5e04fab1d4f0>)

2026-09-03T14:27:08Z [4,607ms] [Warning] [omni.usd] Warning: in _ReportErrors at line 3172 of /builds/omniverse/usd-ci/USD/pxr/usd/usd/stage.cpp -- In </t800/LINK_WRIST_END_L/visuals>: Unresolved reference prim path @/tmp/IsaacLab/usd_20260903_222708_6012/configuration/serial_t800_base.usd@</visuals/LINK_WRIST_END_L> introduced by @/tmp/IsaacLab/usd_20260903_222708_6012/configuration/serial_t800_base.usd@</t800/LINK_WRIST_END_L/visuals> (recomposing stage on stage @/tmp/IsaacLab/usd_20260903_222708_6012/serial_t800.usd@ <0x5e04fab01ca0>)

2026-09-03T14:27:08Z [4,607ms] [Warning] [omni.usd] Warning: in _ReportErrors at line 3172 of /builds/omniverse/usd-ci/USD/pxr/usd/usd/stage.cpp -- In </t800/LINK_WRIST_END_R/visuals>: Unresolved reference prim path @/tmp/IsaacLab/usd_20260903_222708_6012/configuration/serial_t800_base.usd@</visuals/LINK_WRIST_END_R> introduced by @/tmp/IsaacLab/usd_20260903_222708_6012/configuration/serial_t800_base.usd@</t800/LINK_WRIST_END_R/visuals> (recomposing stage on stage @/tmp/IsaacLab/usd_20260903_222708_6012/serial_t800.usd@ <0x5e04fab01ca0>)

2026-09-03T14:27:08Z [4,608ms] [Warning] [omni.usd] Warning: in _ReportErrors at line 3172 of /builds/omniverse/usd-ci/USD/pxr/usd/usd/stage.cpp -- In </t800/LINK_WRIST_END_L/visuals>: Unresolved reference prim path @/tmp/IsaacLab/usd_20260903_222708_6012/configuration/serial_t800_base.usd@</visuals/LINK_WRIST_END_L> introduced by @/tmp/IsaacLab/usd_20260903_222708_6012/configuration/serial_t800_base.usd@</t800/LINK_WRIST_END_L/visuals> (recomposing stage on stage @/tmp/IsaacLab/usd_20260903_222708_6012/serial_t800.usd@ <0x5e04faafd1b0>)

2026-09-03T14:27:08Z [4,608ms] [Warning] [omni.usd] Warning: in _ReportErrors at line 3172 of /builds/omniverse/usd-ci/USD/pxr/usd/usd/stage.cpp -- In </t800/LINK_WRIST_END_R/visuals>: Unresolved reference prim path @/tmp/IsaacLab/usd_20260903_222708_6012/configuration/serial_t800_base.usd@</visuals/LINK_WRIST_END_R> introduced by @/tmp/IsaacLab/usd_20260903_222708_6012/configuration/serial_t800_base.usd@</t800/LINK_WRIST_END_R/visuals> (recomposing stage on stage @/tmp/IsaacLab/usd_20260903_222708_6012/serial_t800.usd@ <0x5e04faafd1b0>)

2026-09-03T14:27:08Z [4,609ms] [Warning] [omni.usd] Warning: in _ReportErrors at line 3172 of /builds/omniverse/usd-ci/USD/pxr/usd/usd/stage.cpp -- In </t800/LINK_WRIST_END_L/visuals>: Unresolved reference prim path @/tmp/IsaacLab/usd_20260903_222708_6012/configuration/serial_t800_physics.usd@</visuals/LINK_WRIST_END_L> introduced by @/tmp/IsaacLab/usd_20260903_222708_6012/configuration/serial_t800_base.usd@</t800/LINK_WRIST_END_L/visuals> (recomposing stage on stage @/tmp/IsaacLab/usd_20260903_222708_6012/serial_t800.usd@ <0x5e04fab01ca0>)

2026-09-03T14:27:08Z [4,609ms] [Warning] [omni.usd] Warning: in _ReportErrors at line 3172 of /builds/omniverse/usd-ci/USD/pxr/usd/usd/stage.cpp -- In </t800/LINK_WRIST_END_R/visuals>: Unresolved reference prim path @/tmp/IsaacLab/usd_20260903_222708_6012/configuration/serial_t800_physics.usd@</visuals/LINK_WRIST_END_R> introduced by @/tmp/IsaacLab/usd_20260903_222708_6012/configuration/serial_t800_base.usd@</t800/LINK_WRIST_END_R/visuals> (recomposing stage on stage @/tmp/IsaacLab/usd_20260903_222708_6012/serial_t800.usd@ <0x5e04fab01ca0>)

2026-09-03T14:27:08Z [4,611ms] [Warning] [omni.usd] Warning: in _ReportErrors at line 3172 of /builds/omniverse/usd-ci/USD/pxr/usd/usd/stage.cpp -- In </t800/LINK_WRIST_END_L/visuals>: Unresolved reference prim path @/tmp/IsaacLab/usd_20260903_222708_6012/configuration/serial_t800_physics.usd@</visuals/LINK_WRIST_END_L> introduced by @/tmp/IsaacLab/usd_20260903_222708_6012/configuration/serial_t800_base.usd@</t800/LINK_WRIST_END_L/visuals> (recomposing stage on stage @/tmp/IsaacLab/usd_20260903_222708_6012/serial_t800.usd@ <0x5e04faafd1b0>)

2026-09-03T14:27:08Z [4,611ms] [Warning] [omni.usd] Warning: in _ReportErrors at line 3172 of /builds/omniverse/usd-ci/USD/pxr/usd/usd/stage.cpp -- In </t800/LINK_WRIST_END_R/visuals>: Unresolved reference prim path @/tmp/IsaacLab/usd_20260903_222708_6012/configuration/serial_t800_physics.usd@</visuals/LINK_WRIST_END_R> introduced by @/tmp/IsaacLab/usd_20260903_222708_6012/configuration/serial_t800_base.usd@</t800/LINK_WRIST_END_R/visuals> (recomposing stage on stage @/tmp/IsaacLab/usd_20260903_222708_6012/serial_t800.usd@ <0x5e04faafd1b0>)

2026-09-03T14:27:08Z [4,612ms] [Warning] [omni.usd] Warning: in _ReportErrors at line 3172 of /builds/omniverse/usd-ci/USD/pxr/usd/usd/stage.cpp -- In </t800/LINK_WRIST_END_L/visuals>: Unresolved reference prim path @/tmp/IsaacLab/usd_20260903_222708_6012/configuration/serial_t800_physics.usd@</visuals/LINK_WRIST_END_L> introduced by @/tmp/IsaacLab/usd_20260903_222708_6012/configuration/serial_t800_base.usd@</t800/LINK_WRIST_END_L/visuals> (recomposing stage on stage @/tmp/IsaacLab/usd_20260903_222708_6012/serial_t800.usd@ <0x5e04fab01ca0>)

2026-09-03T14:27:08Z [4,612ms] [Warning] [omni.usd] Warning: in _ReportErrors at line 3172 of /builds/omniverse/usd-ci/USD/pxr/usd/usd/stage.cpp -- In </t800/LINK_WRIST_END_R/visuals>: Unresolved reference prim path @/tmp/IsaacLab/usd_20260903_222708_6012/configuration/serial_t800_physics.usd@</visuals/LINK_WRIST_END_R> introduced by @/tmp/IsaacLab/usd_20260903_222708_6012/configuration/serial_t800_base.usd@</t800/LINK_WRIST_END_R/visuals> (recomposing stage on stage @/tmp/IsaacLab/usd_20260903_222708_6012/serial_t800.usd@ <0x5e04fab01ca0>)

2026-09-03T14:27:08Z [4,613ms] [Warning] [omni.usd] Warning: in _ReportErrors at line 3172 of /builds/omniverse/usd-ci/USD/pxr/usd/usd/stage.cpp -- In </t800/LINK_WRIST_END_L/visuals>: Unresolved reference prim path @/tmp/IsaacLab/usd_20260903_222708_6012/configuration/serial_t800_physics.usd@</visuals/LINK_WRIST_END_L> introduced by @/tmp/IsaacLab/usd_20260903_222708_6012/configuration/serial_t800_base.usd@</t800/LINK_WRIST_END_L/visuals> (recomposing stage on stage @/tmp/IsaacLab/usd_20260903_222708_6012/serial_t800.usd@ <0x5e04faafd1b0>)

2026-09-03T14:27:08Z [4,613ms] [Warning] [omni.usd] Warning: in _ReportErrors at line 3172 of /builds/omniverse/usd-ci/USD/pxr/usd/usd/stage.cpp -- In </t800/LINK_WRIST_END_R/visuals>: Unresolved reference prim path @/tmp/IsaacLab/usd_20260903_222708_6012/configuration/serial_t800_physics.usd@</visuals/LINK_WRIST_END_R> introduced by @/tmp/IsaacLab/usd_20260903_222708_6012/configuration/serial_t800_base.usd@</t800/LINK_WRIST_END_R/visuals> (recomposing stage on stage @/tmp/IsaacLab/usd_20260903_222708_6012/serial_t800.usd@ <0x5e04faafd1b0>)

2026-09-03T14:27:08Z [4,614ms] [Warning] [omni.usd] Warning: in _ReportErrors at line 3172 of /builds/omniverse/usd-ci/USD/pxr/usd/usd/stage.cpp -- In </t800/LINK_WRIST_END_R/visuals>: Unresolved reference prim path @/tmp/IsaacLab/usd_20260903_222708_6012/configuration/serial_t800_physics.usd@</visuals/LINK_WRIST_END_R> introduced by @/tmp/IsaacLab/usd_20260903_222708_6012/configuration/serial_t800_base.usd@</t800/LINK_WRIST_END_R/visuals> (recomposing stage on stage @/tmp/IsaacLab/usd_20260903_222708_6012/serial_t800.usd@ <0x5e04fab01ca0>)

2026-09-03T14:27:08Z [4,614ms] [Warning] [omni.usd] Warning: in _ReportErrors at line 3172 of /builds/omniverse/usd-ci/USD/pxr/usd/usd/stage.cpp -- In </t800/LINK_WRIST_END_L/visuals>: Unresolved reference prim path @/tmp/IsaacLab/usd_20260903_222708_6012/configuration/serial_t800_physics.usd@</visuals/LINK_WRIST_END_L> introduced by @/tmp/IsaacLab/usd_20260903_222708_6012/configuration/serial_t800_base.usd@</t800/LINK_WRIST_END_L/visuals> (recomposing stage on stage @/tmp/IsaacLab/usd_20260903_222708_6012/serial_t800.usd@ <0x5e04fab01ca0>)

2026-09-03T14:27:08Z [4,614ms] [Warning] [omni.usd] Warning: in _ReportErrors at line 3172 of /builds/omniverse/usd-ci/USD/pxr/usd/usd/stage.cpp -- In </t800/LINK_WRIST_END_L/visuals>: Unresolved reference prim path @/tmp/IsaacLab/usd_20260903_222708_6012/configuration/serial_t800_physics.usd@</visuals/LINK_WRIST_END_L> introduced by @/tmp/IsaacLab/usd_20260903_222708_6012/configuration/serial_t800_base.usd@</t800/LINK_WRIST_END_L/visuals> (recomposing stage on stage @/tmp/IsaacLab/usd_20260903_222708_6012/serial_t800.usd@ <0x5e04faafd1b0>)

2026-09-03T14:27:08Z [4,615ms] [Warning] [omni.usd] Warning: in _ReportErrors at line 3172 of /builds/omniverse/usd-ci/USD/pxr/usd/usd/stage.cpp -- In </t800/LINK_WRIST_END_R/visuals>: Unresolved reference prim path @/tmp/IsaacLab/usd_20260903_222708_6012/configuration/serial_t800_physics.usd@</visuals/LINK_WRIST_END_R> introduced by @/tmp/IsaacLab/usd_20260903_222708_6012/configuration/serial_t800_base.usd@</t800/LINK_WRIST_END_R/visuals> (recomposing stage on stage @/tmp/IsaacLab/usd_20260903_222708_6012/serial_t800.usd@ <0x5e04faafd1b0>)

2026-09-03T14:27:08Z [4,615ms] [Warning] [omni.usd] Warning: in _ReportErrors at line 3172 of /builds/omniverse/usd-ci/USD/pxr/usd/usd/stage.cpp -- In </t800/LINK_WRIST_END_L/visuals>: Unresolved reference prim path @/tmp/IsaacLab/usd_20260903_222708_6012/configuration/serial_t800_physics.usd@</visuals/LINK_WRIST_END_L> introduced by @/tmp/IsaacLab/usd_20260903_222708_6012/configuration/serial_t800_base.usd@</t800/LINK_WRIST_END_L/visuals> (recomposing stage on stage @/tmp/IsaacLab/usd_20260903_222708_6012/serial_t800.usd@ <0x5e04fab01ca0>)

2026-09-03T14:27:08Z [4,615ms] [Warning] [omni.usd] Warning: in _ReportErrors at line 3172 of /builds/omniverse/usd-ci/USD/pxr/usd/usd/stage.cpp -- In </t800/LINK_WRIST_END_R/visuals>: Unresolved reference prim path @/tmp/IsaacLab/usd_20260903_222708_6012/configuration/serial_t800_physics.usd@</visuals/LINK_WRIST_END_R> introduced by @/tmp/IsaacLab/usd_20260903_222708_6012/configuration/serial_t800_base.usd@</t800/LINK_WRIST_END_R/visuals> (recomposing stage on stage @/tmp/IsaacLab/usd_20260903_222708_6012/serial_t800.usd@ <0x5e04fab01ca0>)

2026-09-03T14:27:08Z [4,616ms] [Warning] [omni.usd] Warning: in _ReportErrors at line 3172 of /builds/omniverse/usd-ci/USD/pxr/usd/usd/stage.cpp -- In </t800/LINK_WRIST_END_L/visuals>: Unresolved reference prim path @/tmp/IsaacLab/usd_20260903_222708_6012/configuration/serial_t800_physics.usd@</visuals/LINK_WRIST_END_L> introduced by @/tmp/IsaacLab/usd_20260903_222708_6012/configuration/serial_t800_base.usd@</t800/LINK_WRIST_END_L/visuals> (recomposing stage on stage @/tmp/IsaacLab/usd_20260903_222708_6012/serial_t800.usd@ <0x5e04faafd1b0>)

2026-09-03T14:27:08Z [4,616ms] [Warning] [omni.usd] Warning: in _ReportErrors at line 3172 of /builds/omniverse/usd-ci/USD/pxr/usd/usd/stage.cpp -- In </t800/LINK_WRIST_END_R/visuals>: Unresolved reference prim path @/tmp/IsaacLab/usd_20260903_222708_6012/configuration/serial_t800_physics.usd@</visuals/LINK_WRIST_END_R> introduced by @/tmp/IsaacLab/usd_20260903_222708_6012/configuration/serial_t800_base.usd@</t800/LINK_WRIST_END_R/visuals> (recomposing stage on stage @/tmp/IsaacLab/usd_20260903_222708_6012/serial_t800.usd@ <0x5e04faafd1b0>)

2026-09-03T14:27:08Z [4,618ms] [Warning] [omni.usd] Warning: in _ReportErrors at line 3172 of /builds/omniverse/usd-ci/USD/pxr/usd/usd/stage.cpp -- In </t800/LINK_WRIST_END_L/visuals>: Unresolved reference prim path @/tmp/IsaacLab/usd_20260903_222708_6012/configuration/serial_t800_physics.usd@</visuals/LINK_WRIST_END_L> introduced by @/tmp/IsaacLab/usd_20260903_222708_6012/configuration/serial_t800_base.usd@</t800/LINK_WRIST_END_L/visuals> (recomposing stage on stage @/tmp/IsaacLab/usd_20260903_222708_6012/serial_t800.usd@ <0x5e04fab01ca0>)

2026-09-03T14:27:08Z [4,618ms] [Warning] [omni.usd] Warning: in _ReportErrors at line 3172 of /builds/omniverse/usd-ci/USD/pxr/usd/usd/stage.cpp -- In </t800/LINK_WRIST_END_R/visuals>: Unresolved reference prim path @/tmp/IsaacLab/usd_20260903_222708_6012/configuration/serial_t800_physics.usd@</visuals/LINK_WRIST_END_R> introduced by @/tmp/IsaacLab/usd_20260903_222708_6012/configuration/serial_t800_base.usd@</t800/LINK_WRIST_END_R/visuals> (recomposing stage on stage @/tmp/IsaacLab/usd_20260903_222708_6012/serial_t800.usd@ <0x5e04fab01ca0>)

2026-09-03T14:27:08Z [4,619ms] [Warning] [omni.usd] Warning: in _ReportErrors at line 3172 of /builds/omniverse/usd-ci/USD/pxr/usd/usd/stage.cpp -- In </t800/LINK_WRIST_END_L/visuals>: Unresolved reference prim path @/tmp/IsaacLab/usd_20260903_222708_6012/configuration/serial_t800_physics.usd@</visuals/LINK_WRIST_END_L> introduced by @/tmp/IsaacLab/usd_20260903_222708_6012/configuration/serial_t800_base.usd@</t800/LINK_WRIST_END_L/visuals> (recomposing stage on stage @/tmp/IsaacLab/usd_20260903_222708_6012/serial_t800.usd@ <0x5e04faafd1b0>)

2026-09-03T14:27:08Z [4,619ms] [Warning] [omni.usd] Warning: in _ReportErrors at line 3172 of /builds/omniverse/usd-ci/USD/pxr/usd/usd/stage.cpp -- In </t800/LINK_WRIST_END_R/visuals>: Unresolved reference prim path @/tmp/IsaacLab/usd_20260903_222708_6012/configuration/serial_t800_physics.usd@</visuals/LINK_WRIST_END_R> introduced by @/tmp/IsaacLab/usd_20260903_222708_6012/configuration/serial_t800_base.usd@</t800/LINK_WRIST_END_R/visuals> (recomposing stage on stage @/tmp/IsaacLab/usd_20260903_222708_6012/serial_t800.usd@ <0x5e04faafd1b0>)

2026-09-03T14:27:08Z [4,620ms] [Warning] [omni.usd] Warning: in _ReportErrors at line 3172 of /builds/omniverse/usd-ci/USD/pxr/usd/usd/stage.cpp -- In </t800/LINK_WRIST_END_L/visuals>: Unresolved reference prim path @/tmp/IsaacLab/usd_20260903_222708_6012/configuration/serial_t800_physics.usd@</visuals/LINK_WRIST_END_L> introduced by @/tmp/IsaacLab/usd_20260903_222708_6012/configuration/serial_t800_base.usd@</t800/LINK_WRIST_END_L/visuals> (recomposing stage on stage @/tmp/IsaacLab/usd_20260903_222708_6012/serial_t800.usd@ <0x5e04fab01ca0>)

2026-09-03T14:27:08Z [4,620ms] [Warning] [omni.usd] Warning: in _ReportErrors at line 3172 of /builds/omniverse/usd-ci/USD/pxr/usd/usd/stage.cpp -- In </t800/LINK_WRIST_END_R/visuals>: Unresolved reference prim path @/tmp/IsaacLab/usd_20260903_222708_6012/configuration/serial_t800_physics.usd@</visuals/LINK_WRIST_END_R> introduced by @/tmp/IsaacLab/usd_20260903_222708_6012/configuration/serial_t800_base.usd@</t800/LINK_WRIST_END_R/visuals> (recomposing stage on stage @/tmp/IsaacLab/usd_20260903_222708_6012/serial_t800.usd@ <0x5e04fab01ca0>)

2026-09-03T14:27:08Z [4,621ms] [Warning] [omni.usd] Warning: in _ReportErrors at line 3172 of /builds/omniverse/usd-ci/USD/pxr/usd/usd/stage.cpp -- In </t800/LINK_WRIST_END_L/visuals>: Unresolved reference prim path @/tmp/IsaacLab/usd_20260903_222708_6012/configuration/serial_t800_physics.usd@</visuals/LINK_WRIST_END_L> introduced by @/tmp/IsaacLab/usd_20260903_222708_6012/configuration/serial_t800_base.usd@</t800/LINK_WRIST_END_L/visuals> (recomposing stage on stage @/tmp/IsaacLab/usd_20260903_222708_6012/serial_t800.usd@ <0x5e04faafd1b0>)

2026-09-03T14:27:08Z [4,621ms] [Warning] [omni.usd] Warning: in _ReportErrors at line 3172 of /builds/omniverse/usd-ci/USD/pxr/usd/usd/stage.cpp -- In </t800/LINK_WRIST_END_R/visuals>: Unresolved reference prim path @/tmp/IsaacLab/usd_20260903_222708_6012/configuration/serial_t800_physics.usd@</visuals/LINK_WRIST_END_R> introduced by @/tmp/IsaacLab/usd_20260903_222708_6012/configuration/serial_t800_base.usd@</t800/LINK_WRIST_END_R/visuals> (recomposing stage on stage @/tmp/IsaacLab/usd_20260903_222708_6012/serial_t800.usd@ <0x5e04faafd1b0>)

2026-09-03T14:27:08Z [4,623ms] [Warning] [omni.usd] Warning: in _ReportErrors at line 3172 of /builds/omniverse/usd-ci/USD/pxr/usd/usd/stage.cpp -- In </t800/LINK_WRIST_END_L/visuals>: Unresolved reference prim path @/tmp/IsaacLab/usd_20260903_222708_6012/configuration/serial_t800_physics.usd@</visuals/LINK_WRIST_END_L> introduced by @/tmp/IsaacLab/usd_20260903_222708_6012/configuration/serial_t800_base.usd@</t800/LINK_WRIST_END_L/visuals> (recomposing stage on stage @/tmp/IsaacLab/usd_20260903_222708_6012/serial_t800.usd@ <0x5e04fab01ca0>)

2026-09-03T14:27:08Z [4,623ms] [Warning] [omni.usd] Warning: in _ReportErrors at line 3172 of /builds/omniverse/usd-ci/USD/pxr/usd/usd/stage.cpp -- In </t800/LINK_WRIST_END_R/visuals>: Unresolved reference prim path @/tmp/IsaacLab/usd_20260903_222708_6012/configuration/serial_t800_physics.usd@</visuals/LINK_WRIST_END_R> introduced by @/tmp/IsaacLab/usd_20260903_222708_6012/configuration/serial_t800_base.usd@</t800/LINK_WRIST_END_R/visuals> (recomposing stage on stage @/tmp/IsaacLab/usd_20260903_222708_6012/serial_t800.usd@ <0x5e04fab01ca0>)

2026-09-03T14:27:08Z [4,623ms] [Warning] [omni.usd] Warning: in _ReportErrors at line 3172 of /builds/omniverse/usd-ci/USD/pxr/usd/usd/stage.cpp -- In </t800/LINK_WRIST_END_L/visuals>: Unresolved reference prim path @/tmp/IsaacLab/usd_20260903_222708_6012/configuration/serial_t800_physics.usd@</visuals/LINK_WRIST_END_L> introduced by @/tmp/IsaacLab/usd_20260903_222708_6012/configuration/serial_t800_base.usd@</t800/LINK_WRIST_END_L/visuals> (recomposing stage on stage @/tmp/IsaacLab/usd_20260903_222708_6012/serial_t800.usd@ <0x5e04faafd1b0>)

